<!DOCTYPE html>
<html>
<head>
<meta charset="utf-8">
<meta name="viewport" content="width=device-width, initial-scale=1.0">
<title>example.com Go Modules</title>
<style>
* { font-family: sans-serif; }
body { margin: 16px; background-color: #f4f4f4; }
.content {
  max-width: 600px;
  margin: 0 auto;
  background-color: #fff;
  border-radius: 4px;
  box-shadow: 0 2px 4px rgba(0,0,0,0.1);
  padding: 16px;
}
code {
  display: block;
  font-family: monospace;
  font-size: 1em;
  background-color: #eee;
  padding: 1em;
  margin-bottom: 16px;
}
ul { margin-top: 16px; margin-bottom: 16px; }
@media (max-width: 600px) {
  .content {
    max-width: 100%;
    margin: 0 8px;
    box-shadow: none;
  }
}
</style>
</head>
<body>
<div class="content">

<h2>example.com Go Modules</h2>


<h3>Tools:</h3>


<ul>
<li>
<a href="/pkg1">pkg1</a>
<ul><li><a href="/pkg1/subpkg1">subpkg1</a></li><li><a href="/pkg1/subpkg2">subpkg2</a></li></ul></li>
</ul>

<h3>Libraries:</h3>

<ul>
<li>
<a href="/pkg2">pkg2</a>
<ul><li><a href="/pkg2/subpkg1">subpkg1</a></li><li><a href="/pkg2/subpkg2/subsubpkg1">subpkg2/subsubpkg1</a></li></ul></li>
</ul>

<hr/>

Generated by <a href="https://github.com/julienrbrt/vangen">vangen</a>.

</div>
</body>
</html>