<!DOCTYPE html>
<html>
<head>
<meta charset="utf-8">
<meta name="viewport" content="width=device-width, initial-scale=1.0">
<title>example.com/pkg1/subpkg1</title>
<meta name="go-import" content="example.com/pkg1 git https://repositoryhost.com/example/go-pkg1">
<meta name="go-source" content="example.com/pkg1 https://repositoryhost.com/example/go-pkg1/home https://repositoryhost.com/example/go-pkg1/browser{/dir} https://repositoryhost.com/example/go-pkg1/view{/dir}{/file}">
<style>
* { font-family: sans-serif; }
body { margin: 16px; background-color: #f4f4f4; }
.content {
  max-width: 600px;
  margin: 0 auto;
  background-color: #fff;
  border-radius: 4px;
  box-shadow: 0 2px 4px rgba(0,0,0,0.1);
  padding: 16px;
}
code {
  display: block;
  font-family: monospace;
  font-size: 1em;
  background-color: #eee;
  padding: 1em;
  margin-bottom: 16px;
}
ul { margin-top: 16px; margin-bottom: 16px; }
@media (max-width: 600px) {
  .content {
    max-width: 100%;
    margin: 0 8px;
    box-shadow: none;
  }
}
</style>
<body>
<div class="content">
<h2>example.com/pkg1/subpkg1</h2>
<code>go get example.com/pkg1/subpkg1</code>
<code>import "example.com/pkg1/subpkg1"</code>
Home: <a href="https://www.example.com">https://www.example.com</a><br/>
Source: <a href="https://repositoryhost.com/example/go-pkg1">https://repositoryhost.com/example/go-pkg1</a><br/>
Sub-packages:<ul><li><a href="/pkg1/subpkg1">example.com/pkg1/subpkg1</a></li><li><a href="/pkg1/subpkg2">example.com/pkg1/subpkg2</a></li></ul><a href="http://example.com" style="margin-bottom:16px; display:inline-block;">Back</a>
</div>
</body>
</html>